// Jest Snapshot v1, https://goo.gl/fbAQLP

exports[`ArticleListItem tests Click 1`] = `
<div>
  <button
    class="button"
  />
</div>
`;
