// Jest Snapshot v1, https://goo.gl/fbAQLP

exports[`ArticleListItem tests renders correctly 1`] = `
<div>
  <img
    class="img"
    src="[object Object]"
  />
</div>
`;
